[package]
name = "single-project"
version = "1.33.7" #comment 
edition = "2021"

[dependencies]
