[package]
name = "project2"
version = "1.33.7"
edition = "2021"

[dependencies]
project1 = { path = "../project1", features = ["event"], version = "1.33.7" }
lb1 = "1.0.2"
